../BlueNRG_MS/App/app_bluenrg_ms.c:92:6:MX_BlueNRG_MS_Init	56	static
../BlueNRG_MS/App/app_bluenrg_ms.c:221:6:MX_BlueNRG_MS_Process	8	static
../BlueNRG_MS/App/app_bluenrg_ms.c:241:13:User_Init	8	static
../BlueNRG_MS/App/app_bluenrg_ms.c:256:13:User_Process	8	static
../BlueNRG_MS/App/app_bluenrg_ms.c:331:13:Set_Random_Environmental_Values	48	static
../BlueNRG_MS/App/app_bluenrg_ms.c:342:13:Set_Random_Motion_Values	16	static
../BlueNRG_MS/App/app_bluenrg_ms.c:383:13:Reset_Motion_Values	4	static
../BlueNRG_MS/App/app_bluenrg_ms.c:404:6:BSP_PB_Callback	16	static
