../BlueNRG_MS/App/app_bluenrg_ms.c:95:6:MX_BlueNRG_MS_Init	56	static
../BlueNRG_MS/App/app_bluenrg_ms.c:224:6:MX_BlueNRG_MS_Process	8	static
../BlueNRG_MS/App/app_bluenrg_ms.c:244:13:User_Init	8	static
../BlueNRG_MS/App/app_bluenrg_ms.c:259:13:User_Process	16	static
../BlueNRG_MS/App/app_bluenrg_ms.c:332:13:Set_Random_Environmental_Values	48	static
../BlueNRG_MS/App/app_bluenrg_ms.c:343:13:Set_Random_Motion_Values	656	static
../BlueNRG_MS/App/app_bluenrg_ms.c:384:13:Reset_Motion_Values	4	static
../BlueNRG_MS/App/app_bluenrg_ms.c:405:6:BSP_PB_Callback	16	static
