../Core/Src/main.c:135:5:main	112	static
../Core/Src/main.c:267:6:SystemClock_Config	96	static
../Core/Src/main.c:328:13:MX_DFSDM1_Init	8	static
../Core/Src/main.c:366:13:MX_I2C2_Init	8	static
../Core/Src/main.c:414:13:MX_QUADSPI_Init	8	static
../Core/Src/main.c:447:13:MX_USART3_UART_Init	8	static
../Core/Src/main.c:482:13:MX_USB_OTG_FS_PCD_Init	8	static
../Core/Src/main.c:517:13:MX_GPIO_Init	48	static
../Core/Src/main.c:719:6:StartTaskBLE	104	static
../Core/Src/main.c:886:6:StartTaskACC	24	static
../Core/Src/main.c:920:6:Error_Handler	4	static,ignoring_inline_asm
