../Core/Src/main.c:85:5:main	72	static
../Core/Src/main.c:169:6:SystemClock_Config	96	static
../Core/Src/main.c:230:13:MX_DFSDM1_Init	8	static
../Core/Src/main.c:268:13:MX_I2C2_Init	8	static
../Core/Src/main.c:316:13:MX_QUADSPI_Init	8	static
../Core/Src/main.c:349:13:MX_USART3_UART_Init	8	static
../Core/Src/main.c:384:13:MX_USB_OTG_FS_PCD_Init	8	static
../Core/Src/main.c:419:13:MX_GPIO_Init	48	static
../Core/Src/main.c:612:6:StartTaskBLE	16	static
../Core/Src/main.c:631:6:StartTaskACC	24	static
../Core/Src/main.c:653:6:Error_Handler	4	static,ignoring_inline_asm
